╭──────────────────────────────────────────────────╮
│                 switch connection                │
│╭────────────────┬───────────────┬───────────────╮│
││name            │driver         │host           ││
│├────────────────┼───────────────┼───────────────┤│
││local           │postgres       │localhost      ││
││staging         │postgres       │staging.exampl…││
││production      │postgres       │prod.example.c…││
││                │               │               ││
││                │               │               ││
││                │               │               ││
││                │               │               ││
││                │               │               ││
│├────────────────┴───────────────┴───────────────┤│
││1/1                                             ││
│╰────────────────────────────────────────────────╯│
│                                                  │
│            enter connect • esc cancel            │
╰──────────────────────────────────────────────────╯