╭────────────────────────────────────────╮
│             switch database            │
│┏━━━━━━━━━━━━━━━━━━━━━━━━━━━━━━━━━━━━━━┓│
│┃production                            ┃│
│┃staging                               ┃│
│┃development                           ┃│
│┃                                      ┃│
│┃                                      ┃│
│┃                                      ┃│
│┃                                      ┃│
│┃                                      ┃│
│┃                                      ┃│
│┃                                      ┃│
│┣━━━━━━━━━━━━━━━━━━━━━━━━━━━━━━━━━━━━━━┫│
│┃1/1                                   ┃│
│┗━━━━━━━━━━━━━━━━━━━━━━━━━━━━━━━━━━━━━━┛│
│                                        │
│       enter connect • esc cancel       │
╰────────────────────────────────────────╯