╭────────────────────────────────────────╮
│             switch database            │
│╭──────────────────────────────────────╮│
││production                            ││
│├──────────────────────────────────────┤│
││staging                               ││
│├──────────────────────────────────────┤│
││development                           ││
││                                      ││
││                                      ││
││                                      ││
││                                      ││
││                                      ││
│├──────────────────────────────────────┤│
││                                      ││
│╰──────────────────────────────────────╯│
│                                        │
│       enter connect • esc cancel       │
╰────────────────────────────────────────╯