╭────────────────────────────────────────────────────────────╮
│                            error                           │
│                                                            │
│                ╭───────────────────────────╮               │
│                │query syntax error near ';'│               │
│                ╰───────────────────────────╯               │
│                                                            │
│                         esc close                          │
╰────────────────────────────────────────────────────────────╯