╭────────────────────────────────────────────────────────────╮
│                            error                           │
│                                                            │
│                ╭───────────────────────────╮               │
│                │query syntax error near ';'│               │
│                ╰───────────────────────────╯               │
│                                                            │
│                  y copy error • esc close                  │
╰────────────────────────────────────────────────────────────╯