╭────────────────────────────────────────────────────────────╮
│                            error                           │
│                                                            │
│   There was a problem connecting to the database server,   │
│  check the connection details in your config, or press F3  │
│                to update the saved password                │
│                                                            │
│                    ╭──────────────────╮                    │
│                    │connection refused│                    │
│                    ╰──────────────────╯                    │
│                                                            │
│               F3 update password • esc close               │
╰────────────────────────────────────────────────────────────╯