╭────────────────────────────────────────╮
│             export results             │
│                                        │
│            choose a format             │
│                                        │
│      j JSON • c CSV • esc cancel       │
╰────────────────────────────────────────╯