╭────────────────────────────────────────────────────────────────────────────────────────────────────────────────────────╮
│                                                       help · vdev                                                      │
│                                                                                                                        │
│   tab       next panel           ctrl+d switch database      F5         execute statement       enter  view data       │
│   shift+tab previous panel       ctrl+k switch connection    ctrl+space autocomplete            D      view desc       │
│   ]         next tab             ctrl+p update password      esc        cancel query            y      copy value      │
│   [         previous tab         R      refresh schema       ctrl+s     save query              Y      copy results    │
│   /         filter table         ?/F1   show help            ctrl+r     reload query            ctrl+x export results  │
│   ctrl+b    toggle left panel    ctrl+c quit                 ctrl+e     open query in editor                           │
│                                                              ctrl+z     undo                                           │
│                                                              ctrl+y     redo                                           │
│                                                                                                                        │
│                                                       esc close                                                        │
│                                                                                                                        │
│                                                                                                                        │
│                                                                                                                        │
│                                                                                                                        │
│                                                                                                                        │
│                                                                                                                        │
│                                                                                                                        │
│                                                                                                                        │
╰────────────────────────────────────────────────────────────────────────────────────────────────────────────────────────╯