╭────────────────────────────────────────╮
│              set password              │
│                                        │
│         > password                     │
│                                        │
│       enter accept • esc cancel        │
│                                        │
│                                        │
│                                        │
│                                        │
│                                        │
╰────────────────────────────────────────╯