╭────────────────────────────────────────────────────────────────────────────────╮
│  queries                                   ~/.local/share/qrypad/test-conn.sql │
│                                                                                │
│┃ sql statement(s)...                                                           │
│┃                                                                               │
│┃                                                                               │
│┃                                                                               │
│┃                                                                               │
│┃                                                                               │
│┃                                                                               │
│┃                                                                               │
│┃                                                                               │
│┃                                                                               │
│┃                                                                               │
│┃                                                                               │
│┃                                                                               │
│┃                                                                               │
│┃                                                                               │
│┃                                                                               │
│┃                                                                               │
│┃                                                                               │
│┃                                                                               │
│┃                                                                               │
│┃                                                                               │
│  F5 execute statement at cursor • ctrl+e open query in editor • ctrl+s/ctrl+r  │
│                               save/reload query                                │
╰────────────────────────────────────────────────────────────────────────────────╯