╭────────────────────────────────────────────────────────────────────────────────╮
│  queries                                                                       │
│                                                                                │
│┃ [38;5;183mSELECT[0m[38;5;189m [0m[38;5;189mid[0m[38;5;189m [0m[38;5;183mFROM[0m[38;5;189m [0m[38;5;189musers[0m[38;5;189m;[0m[38;5;189m[0m[38;5;189m [0m                                                        │
│┃                                                                               │
│┃                                                                               │
│┃                                                                               │
│┃                                                                               │
│┃                                                                               │
│┃                                                                               │
│┃                                                                               │
│┃                                                                               │
│┃                                                                               │
│┃                                                                               │
│┃                                                                               │
│┃                                                                               │
│┃                                                                               │
│┃                                                                               │
│┃                                                                               │
│┃                                                                               │
│┃                                                                               │
│┃                                                                               │
│┃                                                                               │
│┃                                                                               │
│  F5 execute statement at cursor • ctrl+e open query in editor • ctrl+s/ctrl+r  │
│                               save/reload query                                │
╰────────────────────────────────────────────────────────────────────────────────╯