╭────────────────────────────────────────────────────────────────────────────────╮
│  queries [+]                                                                   │
│                                                                                │
│┃ SELECT 1;                                                                     │
│┃                                                                               │
│┃                                                                               │
│┃                                                                               │
│┃                                                                               │
│┃                                                                               │
│┃                                                                               │
│┃                                                                               │
│┃                                                                               │
│┃                                                                               │
│┃                                                                               │
│┃                                                                               │
│┃                                                                               │
│┃                                                                               │
│┃                                                                               │
│┃                                                                               │
│┃                                                                               │
│┃                                                                               │
│┃                                                                               │
│┃                                                                               │
│┃                                                                               │
│  F5 execute statement at cursor • ctrl+e open query in editor • ctrl+z/ctrl+y  │
│                  undo/redo • ctrl+s/ctrl+r save/reload query                   │
╰────────────────────────────────────────────────────────────────────────────────╯