╭────────────────────────────────────────────────────────────────────────────────╮
│  queries                                                                       │
│                                                                                │
│┃ SELECT id FROM users;                                                         │
│┃                                                                               │
│┃                                                                               │
│┃                                                                               │
│┃                                                                               │
│┃                                                                               │
│┃                                                                               │
│┃                                                                               │
│┃                                                                               │
│┃                                                                               │
│┃                                                                               │
│┃                                                                               │
│┃                                                                               │
│┃                                                                               │
│┃                                                                               │
│┃                                                                               │
│┃                                                                               │
│┃                                                                               │
│┃                                                                               │
│┃                                                                               │
│┃                                                                               │
│  F5 execute statement at cursor • ctrl+e open query in editor • ctrl+s/ctrl+r  │
│                               save/reload query                                │
╰────────────────────────────────────────────────────────────────────────────────╯