╭────────────────────────────────────────────────────────────╮
│                       record details                       │
│╭───────────────┬──────────────────────────────────────────╮│
││id             │1                                         ││
││name           │Alice                                     ││
││email          │alice@example.com                         ││
││               │                                          ││
││               │                                          ││
││               │                                          ││
││               │                                          ││
││               │                                          ││
││               │                                          ││
││               │                                          ││
│├───────────────┴──────────────────────────────────────────┤│
││1/1                                                       ││
│╰──────────────────────────────────────────────────────────╯│
│                                                            │
│                        y copy value                        │
╰────────────────────────────────────────────────────────────╯