╭────────────────────────────────────────────────────────────╮
│                       record details                       │
│┏━━━━━━━━━━━━━━━┳━━━━━━━━━━━━━━━━━━━━━━━━━━━━━━━━━━━━━━━━━━┓│
│┃email          ┃alice@example.com                         ┃│
│┃id             ┃1                                         ┃│
│┃name           ┃Alice                                     ┃│
│┃               ┃                                          ┃│
│┃               ┃                                          ┃│
│┃               ┃                                          ┃│
│┃               ┃                                          ┃│
│┃               ┃                                          ┃│
│┃               ┃                                          ┃│
│┃               ┃                                          ┃│
│┣━━━━━━━━━━━━━━━┻━━━━━━━━━━━━━━━━━━━━━━━━━━━━━━━━━━━━━━━━━━┫│
│┃1/1                                                       ┃│
│┗━━━━━━━━━━━━━━━━━━━━━━━━━━━━━━━━━━━━━━━━━━━━━━━━━━━━━━━━━━┛│
│                                                            │
│                        c copy value                        │
╰────────────────────────────────────────────────────────────╯