╭────────────────────────────────────────────────────────────────────────────────╮
│  results (42ms)                                                                │
│╭──────┬──────┬──────────────────╮                                              │
││id    │name  │email             │                                              │
│├──────┼──────┼──────────────────┤                                              │
││1     │Alice │alice@example.com │                                              │
│├──────┼──────┼──────────────────┤                                              │
││2     │Bob   │bob@example.com   │                                              │
││      │      │                  │                                              │
││      │      │                  │                                              │
││      │      │                  │                                              │
││      │      │                  │                                              │
││      │      │                  │                                              │
││      │      │                  │                                              │
││      │      │                  │                                              │
││      │      │                  │                                              │
││      │      │                  │                                              │
││      │      │                  │                                              │
││      │      │                  │                                              │
││      │      │                  │                                              │
││      │      │                  │                                              │
│├──────┴──────┴──────────────────┤                                              │
││                                │                                              │
│╰────────────────────────────────╯                                              │
│      enter view row • / filter data • y copy row as json • ctrl+x export       │
╰────────────────────────────────────────────────────────────────────────────────╯