╭────────────────────────────────────────────────────────────╮
│                       record details                       │
│╭───────────────┬──────────────────────────────────────────╮│
││id             │1                                         ││
│├───────────────┼──────────────────────────────────────────┤│
││name           │Alice                                     ││
│├───────────────┼──────────────────────────────────────────┤│
││email          │alice@example.com                         ││
││               │                                          ││
││               │                                          ││
││               │                                          ││
││               │                                          ││
││               │                                          ││
│├───────────────┴──────────────────────────────────────────┤│
││                                                          ││
│╰──────────────────────────────────────────────────────────╯│
│                                                            │
│                        y copy value                        │
╰────────────────────────────────────────────────────────────╯