╭────────────────────────────────────────────────────────────────────────────────╮
│  results (42ms)                                                                │
│┏━━━━━━┳━━━━━━┳━━━━━━━━━━━━━━━━━━┓                                              │
│┃id    ┃name  ┃email             ┃                                              │
│┣━━━━━━╋━━━━━━╋━━━━━━━━━━━━━━━━━━┫                                              │
│┃1     ┃Alice ┃alice@example.com ┃                                              │
│┃2     ┃Bob   ┃bob@example.com   ┃                                              │
│┃      ┃      ┃                  ┃                                              │
│┃      ┃      ┃                  ┃                                              │
│┃      ┃      ┃                  ┃                                              │
│┃      ┃      ┃                  ┃                                              │
│┃      ┃      ┃                  ┃                                              │
│┃      ┃      ┃                  ┃                                              │
│┃      ┃      ┃                  ┃                                              │
│┃      ┃      ┃                  ┃                                              │
│┃      ┃      ┃                  ┃                                              │
│┃      ┃      ┃                  ┃                                              │
│┃      ┃      ┃                  ┃                                              │
│┃      ┃      ┃                  ┃                                              │
│┃      ┃      ┃                  ┃                                              │
│┃      ┃      ┃                  ┃                                              │
│┣━━━━━━┻━━━━━━┻━━━━━━━━━━━━━━━━━━┫                                              │
│┃1/1                             ┃                                              │
│┗━━━━━━━━━━━━━━━━━━━━━━━━━━━━━━━━┛                                              │
│              enter view row • / filter data • c copy row as json               │
╰────────────────────────────────────────────────────────────────────────────────╯