╭────────────────────────────────────────╮
│                sessions                │
│╭──────────────────────────────────────╮│
││● local · mydb                        ││
││  staging · staging_db                ││
││  production · prod_db                ││
││                                      ││
││                                      ││
││                                      ││
││                                      ││
││                                      ││
││                                      ││
││                                      ││
│├──────────────────────────────────────┤│
││                                      ││
│╰──────────────────────────────────────╯│
│                                        │
│  enter switch • x close • esc cancel   │
╰────────────────────────────────────────╯