╭────────────────────────────────────────────────────────────────────────────────╮
│  views                                                        tables  [views]  │
│                                                                                │
│            enter view data • ctrl+d view data (desc) • c copy name             │
│                                                                                │
│                                                                                │
│                                                                                │
│                                                                                │
│                                                                                │
│                                                                                │
│                                                                                │
│                                                                                │
│                                                                                │
│                                                                                │
│                                                                                │
│                                                                                │
│                                                                                │
│                                                                                │
│                                                                                │
│                                                                                │
│                                                                                │
│                                                                                │
│                                                                                │
│                                                                                │
│                                                                                │
╰────────────────────────────────────────────────────────────────────────────────╯