╭────────────────────────────────────────────────────────────────────────────────╮
│  table info                                              [cols]  inds   cons   │
│╭──────────────────────────────────────────────────────────────────┬─┬─────────╮│
││name                                                              │…│nullable ││
│├──────────────────────────────────────────────────────────────────┼─┼─────────┤│
││id                                                                │…│false    ││
││email                                                             │…│false    ││
││created_at                                                        │…│true     ││
││                                                                  │ │         ││
││                                                                  │ │         ││
││                                                                  │ │         ││
││                                                                  │ │         ││
││                                                                  │ │         ││
││                                                                  │ │         ││
││                                                                  │ │         ││
││                                                                  │ │         ││
││                                                                  │ │         ││
││                                                                  │ │         ││
││                                                                  │ │         ││
││                                                                  │ │         ││
││                                                                  │ │         ││
│├──────────────────────────────────────────────────────────────────┴─┴─────────┤│
││                                                                              ││
│╰──────────────────────────────────────────────────────────────────────────────╯│
│                          enter view row • y copy name                          │
╰────────────────────────────────────────────────────────────────────────────────╯