╭────────────────────────────────────────────────────────────────────────────────╮
│  tables                                                      [tables]  views   │
│╭────────────────┬────────────────────────────────────────────────┬────────────╮│
││schema          │name                                            │rows        ││
│├────────────────┼────────────────────────────────────────────────┼────────────┤│
││public          │users                                           │100         ││
││public          │orders                                          │250         ││
││myschema        │products                                        │50          ││
││                │                                                │            ││
││                │                                                │            ││
││                │                                                │            ││
││                │                                                │            ││
││                │                                                │            ││
││                │                                                │            ││
││                │                                                │            ││
││                │                                                │            ││
││                │                                                │            ││
││                │                                                │            ││
││                │                                                │            ││
││                │                                                │            ││
││                │                                                │            ││
│├────────────────┴────────────────────────────────────────────────┴────────────┤│
││1/1                                                                           ││
│╰──────────────────────────────────────────────────────────────────────────────╯│
│            enter view data • ctrl+d view data (desc) • c copy name             │
╰────────────────────────────────────────────────────────────────────────────────╯