╭────────────────────────────────────────────────────────────────────────────────╮
│  table info                                              [cols]  inds   cons   │
│                                                                                │
│                          enter view row • y copy name                          │
│                                                                                │
│                                                                                │
│                                                                                │
│                                                                                │
│                                                                                │
│                                                                                │
│                                                                                │
│                                                                                │
│                                                                                │
│                                                                                │
│                                                                                │
│                                                                                │
│                                                                                │
│                                                                                │
│                                                                                │
│                                                                                │
│                                                                                │
│                                                                                │
│                                                                                │
│                                                                                │
│                                                                                │
╰────────────────────────────────────────────────────────────────────────────────╯