╭────────────────────────────────────────────────────────────────────────────────╮
│  tables                                                      [tables]  views   │
│╭─────────────────────────────────────────────────────────────────┬────────────╮│
││name                                                             │rows        ││
│├─────────────────────────────────────────────────────────────────┼────────────┤│
││users                                                            │100         ││
││orders                                                           │250         ││
││products                                                         │50          ││
││                                                                 │            ││
││                                                                 │            ││
││                                                                 │            ││
││                                                                 │            ││
││                                                                 │            ││
││                                                                 │            ││
││                                                                 │            ││
││                                                                 │            ││
││                                                                 │            ││
││                                                                 │            ││
││                                                                 │            ││
││                                                                 │            ││
││                                                                 │            ││
│├─────────────────────────────────────────────────────────────────┴────────────┤│
││1/1                                                                           ││
│╰──────────────────────────────────────────────────────────────────────────────╯│
│               enter view data • D view data (desc) • y copy name               │
╰────────────────────────────────────────────────────────────────────────────────╯