╭────────────────────────────────────────────────────────────────────────────────╮
│  views                                                        tables  [views]  │
│                                                                                │
│     enter view data • D view data (desc) • y copy name • R refresh schema      │
│                                                                                │
│                                                                                │
│                                                                                │
│                                                                                │
│                                                                                │
│                                                                                │
│                                                                                │
│                                                                                │
│                                                                                │
│                                                                                │
│                                                                                │
│                                                                                │
│                                                                                │
│                                                                                │
│                                                                                │
│                                                                                │
│                                                                                │
│                                                                                │
│                                                                                │
│                                                                                │
│                                                                                │
╰────────────────────────────────────────────────────────────────────────────────╯