╭────────────────────────────────────────────────────────────────────────────────╮
│  tables                                                      [tables]  views   │
│╭────────────────┬────────────────────────────────────────────────┬────────────╮│
││schema          │name                                            │rows        ││
│├────────────────┼────────────────────────────────────────────────┼────────────┤│
││public          │users                                           │100         ││
│├────────────────┼────────────────────────────────────────────────┼────────────┤│
││public          │orders                                          │250         ││
│├────────────────┼────────────────────────────────────────────────┼────────────┤│
││public          │products                                        │50          ││
││                │                                                │            ││
││                │                                                │            ││
││                │                                                │            ││
││                │                                                │            ││
││                │                                                │            ││
││                │                                                │            ││
││                │                                                │            ││
││                │                                                │            ││
││                │                                                │            ││
││                │                                                │            ││
││                │                                                │            ││
│├────────────────┴────────────────────────────────────────────────┴────────────┤│
││                                                                              ││
│╰──────────────────────────────────────────────────────────────────────────────╯│
│               enter view data • D view data (desc) • y copy name               │
╰────────────────────────────────────────────────────────────────────────────────╯